10:00:31 **** Build of configuration Debug for project 4_GPIO_PUSH_BUTTON_LED ****
make -j16 all 
arm-none-eabi-gcc "../Src/main.c" -mcpu=cortex-m4 -std=gnu11 -g3 -DDEBUG -DSTM32 -DSTM32F4 -DSTM32F446RETx -DNUCLEO_F446RE -DSTM32F446xx -c -I../Inc -I"D:/MINNU/GITHUB/STM32_SELF_LEARNING/Chip_Headers/CMSIS/Device/ST/STM32F4xx/Include" -I"D:/MINNU/GITHUB/STM32_SELF_LEARNING/Chip_Headers/CMSIS/Include" -O0 -ffunction-sections -fdata-sections -Wall -fstack-usage -fcyclomatic-complexity -MMD -MP -MF"Src/main.d" -MT"Src/main.o" --specs=nano.specs -mfpu=fpv4-sp-d16 -mfloat-abi=hard -mthumb -o "Src/main.o"
arm-none-eabi-gcc -o "4_GPIO_PUSH_BUTTON_LED.elf" @"objects.list"   -mcpu=cortex-m4 -T"D:\MINNU\GITHUB\STM32_SELF_LEARNING\4_GPIO_PUSH_BUTTON_LED\STM32F446RETX_FLASH.ld" --specs=nosys.specs -Wl,-Map="4_GPIO_PUSH_BUTTON_LED.map" -Wl,--gc-sections -static --specs=nano.specs -mfpu=fpv4-sp-d16 -mfloat-abi=hard -mthumb -Wl,--start-group -lc -lm -Wl,--end-group
Finished building target: 4_GPIO_PUSH_BUTTON_LED.elf
 
arm-none-eabi-size  4_GPIO_PUSH_BUTTON_LED.elf 
arm-none-eabi-objdump -h -S 4_GPIO_PUSH_BUTTON_LED.elf  > "4_GPIO_PUSH_BUTTON_LED.list"
   text	   data	    bss	    dec	    hex	filename
    824	      0	   1568	   2392	    958	4_GPIO_PUSH_BUTTON_LED.elf
Finished building: default.size.stdout
 
Finished building: 4_GPIO_PUSH_BUTTON_LED.list
 

10:00:33 Build Finished. 0 errors, 0 warnings. (took 2s.160ms)

